QNDEGAAQLTITUUWUUUUUWUUUPRFGADMLNFTUUUWUUTXNADHNAGAGHRRHSPUKSTVVTWUUUUXMWQOEAAOAJPVUTVWUUXVRLXIRRLDFJHVQHJUUUUUUUUUUVWVTV
MNCBDAMQLTCVVXVUUUUWUUUUPQFDMAALNOVUUUUWUVXNDDONBAAGHRRHSPUKSTVTTUUUWUXMXQJEGAFEIPUUTUVWUUWRCXFRRCGFKHUEKJVUWUUUVUUUUUUTV
QNDEGAAQLTITUUWUUWUUUVUUKQCBGCMLNFTUUUUWUVXNDDONBABDFSRPSKUKSSVTVWUUUUXMWQOEMAFEHKUUTUVWUUWRCWISRAAIKHVEKJVUUUUUUUWVUUUTT
QNDBGAMQLTGTUUUWUUUUUUUUKQIBGIBMNOVUWVUUUVXNGDKNMADGHRRHSPUKSTVTTUUUWUXMXQOEMAHBJPVUTVWUUWVRLXIRRGDIOHVEOJVUWUUUVUUUUUUTV
QNGEDAMQLTCTUUUUUUXUWUUUPRDEDIMLNOVUUUUWUTXNDCKNAAEDFSRHSPUPRSVTUUWUUUXMWRIBLGFEOPVUTVUUXUWRCWFRRLCFFHUEPJUVUUUUUUUUVXVTV
QNDEAALELNFTWUUUUUWUUUUUKQIEAFMMNFTUUUWUUTXNADHNGLBDFSRHSPUPSSVSUUUXVWXMWQOEMAFBKPVUTVUUXVNQFWIRRGDIOHUQHJVUUUUUUUUUUUWSV
QNCBAALELNFTWUUUUUWUUUUUKQIEAFMMNFTUUUWUUTXNADHNGLBDFSRHSPUPSSVSUUUXVWXMWQOEMAFBKPVUTVUUXUWRCWISRACJOHVQFOVUWUUUVUUUUUUTV
QNDBGAMQLTGTUUUWUUUUUUUUKQIBGIBMNOVUWVUUUVXNCCONBCBBHSROSPUKTSVSVUUWVWXMNSHAGDOEIKUUTVUUXVNQFXFRSLIFHPWEKJVUUUUUUUUUUXUTT
QNCBAALELNFTWUUUUUWUUUUUKQIEAFMMNFTUUUWUUTXNADHNGLBDFSRHSPUPSSVSUUUXVWXMWQOEMAFBKPVUTVUUXUWRCWISRACOKHUEKJVUUUUUUUWVUUUTT
MNCBDAMQLTCVVXVUUUUWUUUUPQIEAFAMNOTUUUXUUTXNADHNGLBDFSRHSPUPSSVSUUUXVWWMWQJEADOECPUUVTXVUXVRLXISQMMIPHVQHJVUUUUUVUUUUXVTT
QNDEGAAQLTITUUWUUUUUWUUUPRIAGFAMNJVUUVUWUVXNGGHNACDGFRRHSPUPSSUSVUUXVWWMXQFELDFEJPUUVVUVXVWSLUCRRLDFFHUEKJUVUVUUUUUUUXUTT
